// Jest Snapshot v1, https://goo.gl/fbAQLP

exports[`NavBar snapshot matches the snapshot 1`] = `
Array [
  <nav
    className="navbar"
  >
    <h1>
      Math Magicians
    </h1>
    <ul>
      <li>
        <a
          aria-current="page"
          className="active"
          href="/"
          onClick={[Function]}
        >
          Home
        </a>
      </li>
      <li>
        <a
          className=""
          href="/quotes"
          onClick={[Function]}
        >
          Quotes
        </a>
      </li>
      <li>
        <a
          className=""
          href="/calculator"
          onClick={[Function]}
        >
          Calculator
        </a>
      </li>
    </ul>
  </nav>,
  <footer
    style={
      Object {
        "bottom": "0px",
        "position": "fixed",
        "right": "10px",
      }
    }
  >
    All Right Reserve @Megagig 2023
  </footer>,
]
`;
